../Drivers/BSP/B-L475E-IOT01A1/b_l475e_iot01a1_bus.c:211:9:BSP_I2C2_Init	16	static
../Drivers/BSP/B-L475E-IOT01A1/b_l475e_iot01a1_bus.c:259:9:BSP_I2C2_DeInit	16	static
../Drivers/BSP/B-L475E-IOT01A1/b_l475e_iot01a1_bus.c:287:9:BSP_I2C2_IsReady	24	static
../Drivers/BSP/B-L475E-IOT01A1/b_l475e_iot01a1_bus.c:308:9:BSP_I2C2_WriteReg	48	static
../Drivers/BSP/B-L475E-IOT01A1/b_l475e_iot01a1_bus.c:334:10:BSP_I2C2_ReadReg	48	static
../Drivers/BSP/B-L475E-IOT01A1/b_l475e_iot01a1_bus.c:362:9:BSP_I2C2_WriteReg16	48	static
../Drivers/BSP/B-L475E-IOT01A1/b_l475e_iot01a1_bus.c:387:10:BSP_I2C2_ReadReg16	48	static
../Drivers/BSP/B-L475E-IOT01A1/b_l475e_iot01a1_bus.c:412:9:BSP_I2C2_Send	32	static
../Drivers/BSP/B-L475E-IOT01A1/b_l475e_iot01a1_bus.c:437:9:BSP_I2C2_Recv	32	static
../Drivers/BSP/B-L475E-IOT01A1/b_l475e_iot01a1_bus.c:460:9:BSP_I2C2_Send_DMA	24	static
../Drivers/BSP/B-L475E-IOT01A1/b_l475e_iot01a1_bus.c:476:10:BSP_I2C2_Recv_DMA	24	static
../Drivers/BSP/B-L475E-IOT01A1/b_l475e_iot01a1_bus.c:545:9:BSP_GetTick	8	static
../Drivers/BSP/B-L475E-IOT01A1/b_l475e_iot01a1_bus.c:551:26:MX_I2C2_Init	24	static
../Drivers/BSP/B-L475E-IOT01A1/b_l475e_iot01a1_bus.c:584:13:I2C2_MspInit	184	static
../Drivers/BSP/B-L475E-IOT01A1/b_l475e_iot01a1_bus.c:658:13:I2C2_MspDeInit	16	static
