../Drivers/BSP/Components/lis3mdl/lis3mdl.c:78:9:LIS3MDL_RegisterBusIO	24	static
../Drivers/BSP/Components/lis3mdl/lis3mdl.c:134:9:LIS3MDL_Init	16	static
../Drivers/BSP/Components/lis3mdl/lis3mdl.c:170:9:LIS3MDL_DeInit	16	static
../Drivers/BSP/Components/lis3mdl/lis3mdl.c:189:9:LIS3MDL_ReadID	16	static
../Drivers/BSP/Components/lis3mdl/lis3mdl.c:205:9:LIS3MDL_GetCapabilities	16	static
../Drivers/BSP/Components/lis3mdl/lis3mdl.c:228:9:LIS3MDL_MAG_Enable	16	static
../Drivers/BSP/Components/lis3mdl/lis3mdl.c:252:9:LIS3MDL_MAG_Disable	16	static
../Drivers/BSP/Components/lis3mdl/lis3mdl.c:277:9:LIS3MDL_MAG_GetSensitivity	24	static
../Drivers/BSP/Components/lis3mdl/lis3mdl.c:315:9:LIS3MDL_MAG_GetOutputDataRate	24	static
../Drivers/BSP/Components/lis3mdl/lis3mdl.c:397:9:LIS3MDL_MAG_SetOutputDataRate	24	static
../Drivers/BSP/Components/lis3mdl/lis3mdl.c:424:9:LIS3MDL_MAG_GetFullScale	24	static
../Drivers/BSP/Components/lis3mdl/lis3mdl.c:461:9:LIS3MDL_MAG_SetFullScale	24	static
../Drivers/BSP/Components/lis3mdl/lis3mdl.c:484:9:LIS3MDL_MAG_GetAxesRaw	24	static
../Drivers/BSP/Components/lis3mdl/lis3mdl.c:508:9:LIS3MDL_MAG_GetAxes	32	static
../Drivers/BSP/Components/lis3mdl/lis3mdl.c:540:9:LIS3MDL_Read_Reg	24	static
../Drivers/BSP/Components/lis3mdl/lis3mdl.c:557:9:LIS3MDL_Write_Reg	16	static
../Drivers/BSP/Components/lis3mdl/lis3mdl.c:573:9:LIS3MDL_MAG_Get_DRDY_Status	16	static
../Drivers/BSP/Components/lis3mdl/lis3mdl.c:595:16:ReadRegWrap	40	static
../Drivers/BSP/Components/lis3mdl/lis3mdl.c:616:16:WriteRegWrap	40	static
