../WiFi/Src/wifi.c:58:15:WIFI_Init	24	static
../WiFi/Src/wifi.c:84:15:WIFI_ListAccessPoints	464	static
../WiFi/Src/wifi.c:119:15:WIFI_Connect	32	static
../WiFi/Src/wifi.c:141:15:WIFI_GetMAC_Address	24	static
../WiFi/Src/wifi.c:156:15:WIFI_GetIP_Address	24	static
../WiFi/Src/wifi.c:173:15:WIFI_Disconnect	16	static
../WiFi/Src/wifi.c:194:15:WIFI_ConfigureAP	96	static
../WiFi/Src/wifi.c:217:15:WIFI_HandleAPEvents	24	static
../WiFi/Src/wifi.c:254:15:WIFI_Ping	24	static
../WiFi/Src/wifi.c:271:15:WIFI_GetHostAddress	24	static
../WiFi/Src/wifi.c:291:15:WIFI_OpenClientConnection	48	static
../WiFi/Src/wifi.c:320:15:WIFI_CloseClientConnection	40	static
../WiFi/Src/wifi.c:340:15:WIFI_StartServer	48	static
../WiFi/Src/wifi.c:364:15:WIFI_WaitServerConnection	48	static
../WiFi/Src/wifi.c:401:15:WIFI_CloseServerConnection	24	static
../WiFi/Src/wifi.c:416:15:WIFI_StopServer	24	static
../WiFi/Src/wifi.c:432:15:WIFI_SendData	40	static
../WiFi/Src/wifi.c:446:15:WIFI_SendDataTo	48	static
../WiFi/Src/wifi.c:464:15:WIFI_ReceiveData	40	static
../WiFi/Src/wifi.c:475:15:WIFI_CheckReceiveData	40	static
../WiFi/Src/wifi.c:487:15:WIFI_ReceiveDataFrom	48	static
../WiFi/Src/wifi.c:504:15:WIFI_SetOEMProperties	24	static
../WiFi/Src/wifi.c:522:15:WIFI_ResetModule	16	static
../WiFi/Src/wifi.c:537:15:WIFI_SetModuleDefault	16	static
../WiFi/Src/wifi.c:554:15:WIFI_ModuleFirmwareUpdate	16	static
../WiFi/Src/wifi.c:564:15:WIFI_GetModuleFwRevision	24	static
../WiFi/Src/wifi.c:581:15:WIFI_GetModuleID	24	static
../WiFi/Src/wifi.c:598:15:WIFI_GetModuleName	24	static
