../Core/Src/main.c:116:5:main	72	static
../Core/Src/main.c:200:6:SystemClock_Config	96	static
../Core/Src/main.c:261:13:MX_DFSDM1_Init	8	static
../Core/Src/main.c:299:13:MX_QUADSPI_Init	8	static
../Core/Src/main.c:332:13:MX_SPI3_Init	8	static
../Core/Src/main.c:372:13:MX_USART1_UART_Init	8	static
../Core/Src/main.c:407:13:MX_USART3_UART_Init	8	static
../Core/Src/main.c:442:13:MX_USB_OTG_FS_PCD_Init	8	static
../Core/Src/main.c:475:13:MX_DMA_Init	16	static
../Core/Src/main.c:496:13:MX_GPIO_Init	56	static
../Core/Src/main.c:701:6:HAL_GPIO_EXTI_Callback	16	static
../Core/Src/main.c:733:6:HAL_I2C_MemRxCpltCallback	16	static
../Core/Src/main.c:739:6:AccGyroCallback	48	static
../Core/Src/main.c:780:6:MagCallback	16	static
../Core/Src/main.c:795:6:StartDefaultTask	16	static
../Core/Src/main.c:814:6:StartRemoteCommTask	104	static
../Core/Src/main.c:887:6:HAL_TIM_PeriodElapsedCallback	16	static
../Core/Src/main.c:904:6:Error_Handler	4	static,ignoring_inline_asm
