../Core/Src/main.c:95:5:main	72	static
../Core/Src/main.c:179:6:SystemClock_Config	96	static
../Core/Src/main.c:240:13:MX_DFSDM1_Init	8	static
../Core/Src/main.c:278:13:MX_QUADSPI_Init	8	static
../Core/Src/main.c:311:13:MX_SPI3_Init	8	static
../Core/Src/main.c:351:13:MX_USART1_UART_Init	8	static
../Core/Src/main.c:386:13:MX_USART3_UART_Init	8	static
../Core/Src/main.c:421:13:MX_USB_OTG_FS_PCD_Init	8	static
../Core/Src/main.c:454:13:MX_DMA_Init	16	static
../Core/Src/main.c:475:13:MX_GPIO_Init	56	static
../Core/Src/main.c:680:6:HAL_GPIO_EXTI_Callback	16	static
../Core/Src/main.c:712:6:HAL_I2C_MemRxCpltCallback	16	static
../Core/Src/main.c:718:6:AccGyroCallback	48	static
../Core/Src/main.c:759:6:MagCallback	16	static
../Core/Src/main.c:774:6:StartDefaultTask	16	static
../Core/Src/main.c:793:6:StartRemoteCommTask	16	static
../Core/Src/main.c:808:6:HAL_TIM_PeriodElapsedCallback	16	static
../Core/Src/main.c:825:6:Error_Handler	4	static,ignoring_inline_asm
