../Core/Src/stm32l4xx_it.c:74:6:NMI_Handler	4	static
../Core/Src/stm32l4xx_it.c:89:6:HardFault_Handler	4	static
../Core/Src/stm32l4xx_it.c:104:6:MemManage_Handler	4	static
../Core/Src/stm32l4xx_it.c:119:6:BusFault_Handler	4	static
../Core/Src/stm32l4xx_it.c:134:6:UsageFault_Handler	4	static
../Core/Src/stm32l4xx_it.c:149:6:DebugMon_Handler	4	static
../Core/Src/stm32l4xx_it.c:169:6:EXTI1_IRQHandler	8	static
../Core/Src/stm32l4xx_it.c:183:6:DMA1_Channel4_IRQHandler	8	static
../Core/Src/stm32l4xx_it.c:197:6:DMA1_Channel5_IRQHandler	8	static
../Core/Src/stm32l4xx_it.c:211:6:EXTI9_5_IRQHandler	8	static
../Core/Src/stm32l4xx_it.c:228:6:I2C2_EV_IRQHandler	8	static
../Core/Src/stm32l4xx_it.c:242:6:I2C2_ER_IRQHandler	8	static
../Core/Src/stm32l4xx_it.c:256:6:EXTI15_10_IRQHandler	8	static
../Core/Src/stm32l4xx_it.c:274:6:TIM5_IRQHandler	8	static
../Core/Src/stm32l4xx_it.c:288:6:SPI3_IRQHandler	8	static
